[2026-05-11 16:23:56.569]: Info: Sunshine version: 2025.924.154138 commit: 86188d47a7463b0f73b35de18a628353adeaa20e
[2026-05-11 16:23:56.591]: Info: Package Publisher: LizardByte
[2026-05-11 16:23:56.591]: Info: Publisher Website: https://app.lizardbyte.dev
[2026-05-11 16:23:56.592]: Info: Get support: https://app.lizardbyte.dev/support
[2026-05-11 16:23:57.921]: Warning: No gamepad input is available
[2026-05-11 16:23:58.059]: Info: // Testing for available encoders, this may generate errors. You can safely ignore those errors. //
[2026-05-11 16:23:58.116]: Info: Trying encoder [videotoolbox]
[2026-05-11 16:23:58.117]: Info: Detecting displays
[2026-05-11 16:23:58.121]: Info: Detected display: Built-in Retina Display (id: 1) connected: true
[2026-05-11 16:23:58.121]: Info: Detected display: LG ULTRAGEAR+ (id: 5) connected: true
[2026-05-11 16:23:58.121]: Info: Configuring selected display (1) to stream
[2026-05-11 16:23:58.121]: Info: Creating encoder [h264_videotoolbox]
[2026-05-11 16:23:58.121]: Info: Color coding: SDR (Rec. 601)
[2026-05-11 16:23:58.121]: Info: Color depth: 8-bit
[2026-05-11 16:23:58.121]: Info: Color range: JPEG
[2026-05-11 16:23:58.158]: Info: Streaming bitrate is 1000000
[2026-05-11 16:24:00.771]: Warning: [h264_videotoolbox @ 0x790e5c000] PrioritizeEncodingSpeedOverQuality property is not supported on this device. Ignoring.
[2026-05-11 16:24:00.782]: Info: [h264_videotoolbox @ 0x790e5c000] This device does not support the AllowOpenGop option. Value ignored.
[2026-05-11 16:24:02.823]: Info: Creating encoder [hevc_videotoolbox]
[2026-05-11 16:24:02.825]: Info: Color coding: SDR (Rec. 601)
[2026-05-11 16:24:02.830]: Info: Color depth: 8-bit
[2026-05-11 16:24:02.830]: Info: Color range: JPEG
[2026-05-11 16:24:02.830]: Info: Streaming bitrate is 1000000
[2026-05-11 16:24:02.839]: Warning: [hevc_videotoolbox @ 0x790e5c000] PrioritizeEncodingSpeedOverQuality property is not supported on this device. Ignoring.
[2026-05-11 16:24:02.840]: Info: [hevc_videotoolbox @ 0x790e5c000] This device does not support the AllowOpenGop option. Value ignored.
[2026-05-11 16:24:03.180]: Info: Creating encoder [av1_videotoolbox]
[2026-05-11 16:24:03.217]: Info: Color coding: SDR (Rec. 601)
[2026-05-11 16:24:03.220]: Info: Color depth: 8-bit
[2026-05-11 16:24:03.221]: Info: Color range: JPEG
[2026-05-11 16:24:03.225]: Error: Couldn't open [av1_videotoolbox]
[2026-05-11 16:24:03.230]: Info: Detecting displays
[2026-05-11 16:24:03.230]: Info: Detected display: Built-in Retina Display (id: 1) connected: true
[2026-05-11 16:24:03.231]: Info: Detected display: LG ULTRAGEAR+ (id: 5) connected: true
[2026-05-11 16:24:03.231]: Info: Configuring selected display (1) to stream
[2026-05-11 16:24:03.231]: Info: Creating encoder [hevc_videotoolbox]
[2026-05-11 16:24:03.233]: Info: Color coding: SDR (Rec. 709)
[2026-05-11 16:24:03.279]: Info: Color depth: 10-bit
[2026-05-11 16:24:03.285]: Info: Color range: JPEG
[2026-05-11 16:24:03.341]: Info: Streaming bitrate is 1000000
[2026-05-11 16:24:03.341]: Warning: [hevc_videotoolbox @ 0x790e5c000] PrioritizeEncodingSpeedOverQuality property is not supported on this device. Ignoring.
[2026-05-11 16:24:03.341]: Info: [hevc_videotoolbox @ 0x790e5c000] This device does not support the AllowOpenGop option. Value ignored.
[2026-05-11 16:24:04.906]: Info: 
[2026-05-11 16:24:04.919]: Info: // Ignore any errors mentioned above, they are not relevant. //
[2026-05-11 16:24:05.000]: Info: 
[2026-05-11 16:24:05.016]: Info: Found H.264 encoder: h264_videotoolbox [videotoolbox]
[2026-05-11 16:24:05.017]: Info: Found HEVC encoder: hevc_videotoolbox [videotoolbox]
[2026-05-11 16:24:05.017]: Info: Open the Web UI to set your new username and password and getting started
[2026-05-11 16:24:05.017]: Info: Starting system tray
[2026-05-11 16:24:05.025]: Info: File /Users/roelvangils/.config/sunshine/sunshine_state.json doesn't exist
[2026-05-11 16:24:05.188]: Info: System tray created
[2026-05-11 16:24:05.217]: Info: Starting main loop
[2026-05-11 16:24:05.614]: Info: Configuration UI available at [https://localhost:47990]
[2026-05-11 16:24:05.996]: Info: Successfully registered DNS service.
[2026-05-11 16:37:51.366]: Info: Terminate handler called
[2026-05-11 16:37:51.366]: Info: Shutdown event detected, breaking main loop
